// Jest Snapshot v1, https://goo.gl/fbAQLP

exports[`app snapshot is stable 1`] = `"<div class=\\"App\\"><img src=\\"logo-turnit.svg\\" alt=\\"Logo\\" width=\\"400\\"><div style=\\"padding: 100px;\\"><div><button data-testid=\\"plusone-button\\" type=\\"button\\">+1</button></div><div><span data-testid=\\"display-count\\">Vajutatud: 0</span></div></div></div>"`;
